// Jest Snapshot v1, https://goo.gl/fbAQLP

exports[`ResultsSort renders correctly 1`] = `
<div
  className="resultsSortContainer"
>
  <div
    className="sortBy"
  >
    SORT BY
  </div>
  <div
    className="select resultSortSelect css-2b097c-container"
    id="resultSort"
    onKeyDown={[Function]}
  >
    <span
      aria-atomic="false"
      aria-live="polite"
      aria-relevant="additions text"
      className="css-1f43avz-a11yText-A11yText"
    />
    <div
      className="select__control css-yk16xz-control"
      onMouseDown={[Function]}
      onTouchEnd={[Function]}
    >
      <div
        className="select__value-container select__value-container--has-value css-g1d714-ValueContainer"
      >
        <div
          className="select__single-value css-1uccc91-singleValue"
        >
          RELEASE DATE
        </div>
        <div
          className="css-b8ldur-Input"
        >
          <div
            className="select__input"
            style={
              Object {
                "display": "inline-block",
              }
            }
          >
            <input
              aria-autocomplete="list"
              autoCapitalize="none"
              autoComplete="off"
              autoCorrect="off"
              disabled={false}
              id="react-select-resultSort-input"
              onBlur={[Function]}
              onChange={[Function]}
              onFocus={[Function]}
              spellCheck="false"
              style={
                Object {
                  "background": 0,
                  "border": 0,
                  "boxSizing": "content-box",
                  "color": "inherit",
                  "fontSize": "inherit",
                  "label": "input",
                  "opacity": 1,
                  "outline": 0,
                  "padding": 0,
                  "width": "1px",
                }
              }
              tabIndex="0"
              type="text"
              value=""
            />
            <div
              style={
                Object {
                  "height": 0,
                  "left": 0,
                  "overflow": "scroll",
                  "position": "absolute",
                  "top": 0,
                  "visibility": "hidden",
                  "whiteSpace": "pre",
                }
              }
            >
              
            </div>
          </div>
        </div>
      </div>
      <div
        className="select__indicators css-1hb7zxy-IndicatorsContainer"
      >
        <span
          className="select__indicator-separator css-1okebmr-indicatorSeparator"
        />
        <div
          aria-hidden="true"
          className="select__indicator select__dropdown-indicator css-tlfecz-indicatorContainer"
          onMouseDown={[Function]}
          onTouchEnd={[Function]}
        >
          <i
            aria-hidden="true"
            className="fa fa-caret-down"
          />
        </div>
      </div>
    </div>
  </div>
  <button
    className="arrow"
    disabled={false}
    id={null}
    onClick={[Function]}
    type="button"
  >
    
    <i
      aria-hidden="true"
      className="fa fa-sort-amount-desc"
    />
  </button>
</div>
`;
