// Jest Snapshot v1, https://goo.gl/fbAQLP

exports[`MovieTitle renders correctly 1`] = `
<div
  className="movieTitle"
>
  Pulp Fiction
</div>
`;
