// Jest Snapshot v1, https://goo.gl/fbAQLP

exports[`Button renders correctly 1`] = `
<button
  className=""
  disabled={false}
  id={null}
  onClick={[Function]}
  type="button"
>
  Title
  
</button>
`;
