// Jest Snapshot v1, https://goo.gl/fbAQLP

exports[`SortIcon renders correctly 1`] = `
<i
  aria-hidden="true"
  className="fa fa-sort-amount-desc"
/>
`;
