// Jest Snapshot v1, https://goo.gl/fbAQLP

exports[`MovieReleaseDate renders correctly 1`] = `
<div
  className="movieReleaseDate"
  title="Release date: 2004-03-15"
>
  2004
</div>
`;
