// Jest Snapshot v1, https://goo.gl/fbAQLP

exports[`EditMovie renders correctly 1`] = `
<form
  action="#"
  onReset={[Function]}
  onSubmit={[Function]}
>
  <span
    className="title"
  >
    title
  </span>
  <div
    className="formItem"
  >
    <label
      className="label"
      htmlFor="id"
    >
      MOVIE ID
    </label>
    <input
      autoComplete="off"
      className="input"
      id="id"
      name="id"
      onBlur={[Function]}
      onChange={[Function]}
      placeholder="Id here"
      readOnly={true}
      required={false}
      type="text"
      value={1}
    />
  </div>
  <div
    className="formItem"
  >
    <label
      className="label required-label"
      htmlFor="title"
    >
      TITLE
    </label>
    <input
      autoComplete="off"
      className="input"
      id="title"
      name="title"
      onBlur={[Function]}
      onChange={[Function]}
      placeholder="Title here"
      required={true}
      type="text"
      value="Pulp Fiction"
    />
  </div>
  <div
    className="formItem"
  >
    <label
      className="label required-label"
      htmlFor="release_date"
    >
      RELEASE DATE
    </label>
    <input
      autoComplete="off"
      className="input valid-date"
      id="release_date"
      name="release_date"
      onBlur={[Function]}
      onChange={[Function]}
      placeholder="Select Date"
      required={true}
      type="date"
      value="2004-03-15"
    />
  </div>
  <div
    className="formItem"
  >
    <label
      className="label"
      htmlFor="poster_path"
    >
      MOVIE URL
    </label>
    <input
      autoComplete="off"
      className="input"
      id="poster_path"
      name="poster_path"
      onBlur={[Function]}
      onChange={[Function]}
      placeholder="Movie URL here"
      required={false}
      type="text"
      value="test-file-stub"
    />
  </div>
  <div
    className="formItem"
  >
    <label
      className="label required-label"
      htmlFor="genres"
    >
      GENRE
    </label>
    <div
      className="requiredSelectContainer"
    >
      <div
        className="select css-2b097c-container"
        id="genres"
        onKeyDown={[Function]}
      >
        <span
          aria-atomic="false"
          aria-live="polite"
          aria-relevant="additions text"
          className="css-1f43avz-a11yText-A11yText"
        />
        <div
          className="select__control css-yk16xz-control"
          onMouseDown={[Function]}
          onTouchEnd={[Function]}
        >
          <div
            className="select__value-container select__value-container--is-multi css-g1d714-ValueContainer"
          >
            <div
              className="select__placeholder css-1wa3eu0-placeholder"
            >
              Select Genre
            </div>
            <div
              className="css-b8ldur-Input"
            >
              <div
                className="select__input"
                style={
                  Object {
                    "display": "inline-block",
                  }
                }
              >
                <input
                  aria-autocomplete="list"
                  autoCapitalize="none"
                  autoComplete="off"
                  autoCorrect="off"
                  disabled={false}
                  form={
                    Object {
                      "dirty": false,
                      "errors": Object {},
                      "getFieldHelpers": [Function],
                      "getFieldMeta": [Function],
                      "getFieldProps": [Function],
                      "handleBlur": [Function],
                      "handleChange": [Function],
                      "handleReset": [Function],
                      "handleSubmit": [Function],
                      "initialErrors": Object {},
                      "initialStatus": undefined,
                      "initialTouched": Object {},
                      "initialValues": Object {
                        "budget": 55000000,
                        "genres": Array [],
                        "id": 1,
                        "overview": "Pulp Fiction is a 1994 American neo-noir black comedy crime film written and directed by Quentin Tarantino, who conceived it with Roger Avary.[4] Starring John Travolta, Samuel L. Jackson, Bruce Willis, Tim Roth, Ving Rhames, and Uma Thurman, it tells several stories of criminal Los Angeles. The title refers to the pulp magazines and hardboiled crime novels popular during the mid-20th century, known for their graphic violence and punchy dialogue.",
                        "poster_path": "test-file-stub",
                        "release_date": "2004-03-15",
                        "revenue": 136906000,
                        "runtime": 154,
                        "tagline": "Mock tagline!",
                        "title": "Pulp Fiction",
                        "vote_average": 4.3,
                        "vote_count": 1195,
                      },
                      "isSubmitting": false,
                      "isValid": true,
                      "isValidating": false,
                      "registerField": [Function],
                      "resetForm": [Function],
                      "setErrors": [Function],
                      "setFieldError": [Function],
                      "setFieldTouched": [Function],
                      "setFieldValue": [Function],
                      "setFormikState": [Function],
                      "setStatus": [Function],
                      "setSubmitting": [Function],
                      "setTouched": [Function],
                      "setValues": [Function],
                      "status": undefined,
                      "submitCount": 0,
                      "submitForm": [Function],
                      "touched": Object {},
                      "unregisterField": [Function],
                      "validateField": [Function],
                      "validateForm": [Function],
                      "validateOnBlur": true,
                      "validateOnChange": true,
                      "validateOnMount": false,
                      "values": Object {
                        "budget": 55000000,
                        "genres": Array [],
                        "id": 1,
                        "overview": "Pulp Fiction is a 1994 American neo-noir black comedy crime film written and directed by Quentin Tarantino, who conceived it with Roger Avary.[4] Starring John Travolta, Samuel L. Jackson, Bruce Willis, Tim Roth, Ving Rhames, and Uma Thurman, it tells several stories of criminal Los Angeles. The title refers to the pulp magazines and hardboiled crime novels popular during the mid-20th century, known for their graphic violence and punchy dialogue.",
                        "poster_path": "test-file-stub",
                        "release_date": "2004-03-15",
                        "revenue": 136906000,
                        "runtime": 154,
                        "tagline": "Mock tagline!",
                        "title": "Pulp Fiction",
                        "vote_average": 4.3,
                        "vote_count": 1195,
                      },
                    }
                  }
                  id="react-select-2-input"
                  onBlur={[Function]}
                  onChange={[Function]}
                  onFocus={[Function]}
                  spellCheck="false"
                  style={
                    Object {
                      "background": 0,
                      "border": 0,
                      "boxSizing": "content-box",
                      "color": "inherit",
                      "fontSize": "inherit",
                      "label": "input",
                      "opacity": 1,
                      "outline": 0,
                      "padding": 0,
                      "width": "1px",
                    }
                  }
                  tabIndex="0"
                  type="text"
                  value=""
                />
                <div
                  style={
                    Object {
                      "height": 0,
                      "left": 0,
                      "overflow": "scroll",
                      "position": "absolute",
                      "top": 0,
                      "visibility": "hidden",
                      "whiteSpace": "pre",
                    }
                  }
                >
                  
                </div>
              </div>
            </div>
          </div>
          <div
            className="select__indicators css-1hb7zxy-IndicatorsContainer"
          >
            <span
              className="select__indicator-separator css-1okebmr-indicatorSeparator"
            />
            <div
              aria-hidden="true"
              className="select__indicator select__dropdown-indicator css-tlfecz-indicatorContainer"
              onMouseDown={[Function]}
              onTouchEnd={[Function]}
            >
              <i
                aria-hidden="true"
                className="fa fa-caret-down"
              />
            </div>
          </div>
        </div>
      </div>
      <input
        autoComplete="off"
        onChange={[Function]}
        required={true}
        style={
          Object {
            "height": 0,
            "opacity": 0,
            "position": "absolute",
            "width": "100%",
          }
        }
        tabIndex={-1}
        value={Array []}
      />
    </div>
  </div>
  <div
    className="formItem"
  >
    <label
      className="label required-label"
      htmlFor="overview"
    >
      OVERVIEW
    </label>
    <input
      autoComplete="off"
      className="input"
      id="overview"
      name="overview"
      onBlur={[Function]}
      onChange={[Function]}
      placeholder="Overview here"
      required={true}
      type="text"
      value="Pulp Fiction is a 1994 American neo-noir black comedy crime film written and directed by Quentin Tarantino, who conceived it with Roger Avary.[4] Starring John Travolta, Samuel L. Jackson, Bruce Willis, Tim Roth, Ving Rhames, and Uma Thurman, it tells several stories of criminal Los Angeles. The title refers to the pulp magazines and hardboiled crime novels popular during the mid-20th century, known for their graphic violence and punchy dialogue."
    />
  </div>
  <div
    className="formItem"
  >
    <label
      className="label required-label"
      htmlFor="runtime"
    >
      RUNTIME
    </label>
    <input
      autoComplete="off"
      className="input"
      id="runtime"
      name="runtime"
      onBlur={[Function]}
      onChange={[Function]}
      placeholder="Runtime here"
      required={true}
      type="text"
      value={154}
    />
  </div>
  <div
    className="formItem"
  >
    <label
      className="label"
      htmlFor="budget"
    >
      BUDGET
    </label>
    <input
      autoComplete="off"
      className="input"
      id="budget"
      name="budget"
      onBlur={[Function]}
      onChange={[Function]}
      placeholder="Budget here"
      required={false}
      type="text"
      value={55000000}
    />
  </div>
  <div
    className="formItem"
  >
    <label
      className="label"
      htmlFor="revenue"
    >
      REVENUE
    </label>
    <input
      autoComplete="off"
      className="input"
      id="revenue"
      name="revenue"
      onBlur={[Function]}
      onChange={[Function]}
      placeholder="Revenue here"
      required={false}
      type="text"
      value={136906000}
    />
  </div>
  <div
    className="formItem"
  >
    <label
      className="label required-label"
      htmlFor="tagline"
    >
      TAGLINE
    </label>
    <input
      autoComplete="off"
      className="input"
      id="tagline"
      name="tagline"
      onBlur={[Function]}
      onChange={[Function]}
      placeholder="Tagline here"
      required={true}
      type="text"
      value="Mock tagline!"
    />
  </div>
  <div
    className="formItem"
  >
    <label
      className="label"
      htmlFor="vote_average"
    >
      VOTE AVERAGE
    </label>
    <input
      autoComplete="off"
      className="input"
      id="vote_average"
      name="vote_average"
      onBlur={[Function]}
      onChange={[Function]}
      placeholder="Vote average here"
      required={false}
      type="text"
      value={4.3}
    />
  </div>
  <div
    className="formItem"
  >
    <label
      className="label"
      htmlFor="vote_count"
    >
      VOTE COUNT
    </label>
    <input
      autoComplete="off"
      className="input"
      id="vote_count"
      name="vote_count"
      onBlur={[Function]}
      onChange={[Function]}
      placeholder="Vote count here"
      required={false}
      type="text"
      value={1195}
    />
  </div>
  <div
    className="modalFooter"
  >
    <button
      className="button"
      disabled={false}
      id={null}
      onClick={[Function]}
      type="reset"
    >
      RESET
      
    </button>
    <button
      className="button"
      disabled={false}
      id={null}
      onClick={[Function]}
      type="submit"
    >
      SAVE
      
    </button>
  </div>
</form>
`;
