// Jest Snapshot v1, https://goo.gl/fbAQLP

exports[`Blur renders correctly 1`] = `
<div
  className="Blur__BlurWrapper-b9kkbo-0 jwekOJ"
>
  Test
</div>
`;
