// Jest Snapshot v1, https://goo.gl/fbAQLP

exports[`Main renders correctly 1`] = `
<main
  className="mainContainer"
>
  <div
    className="menuContainer"
  >
    <nav>
      <ul
        className="resultsFilterContainer"
      >
        <li
          className="filterItem active"
          onClick={[Function]}
          onKeyPress={[Function]}
          role="menuitem"
          tabIndex="0"
        >
          ALL
        </li>
        <li
          className="filterItem"
          onClick={[Function]}
          onKeyPress={[Function]}
          role="menuitem"
          tabIndex="0"
        >
          DOCUMENTARY
        </li>
        <li
          className="filterItem"
          onClick={[Function]}
          onKeyPress={[Function]}
          role="menuitem"
          tabIndex="0"
        >
          COMEDY
        </li>
        <li
          className="filterItem"
          onClick={[Function]}
          onKeyPress={[Function]}
          role="menuitem"
          tabIndex="0"
        >
          HORROR
        </li>
        <li
          className="filterItem"
          onClick={[Function]}
          onKeyPress={[Function]}
          role="menuitem"
          tabIndex="0"
        >
          CRIME
        </li>
      </ul>
    </nav>
    <div
      className="resultsSortContainer"
    >
      <div
        className="sortBy"
      >
        SORT BY
      </div>
      <div
        className="select resultSortSelect css-2b097c-container"
        id="resultSort"
        onKeyDown={[Function]}
      >
        <span
          aria-atomic="false"
          aria-live="polite"
          aria-relevant="additions text"
          className="css-1f43avz-a11yText-A11yText"
        />
        <div
          className="select__control css-yk16xz-control"
          onMouseDown={[Function]}
          onTouchEnd={[Function]}
        >
          <div
            className="select__value-container select__value-container--has-value css-g1d714-ValueContainer"
          >
            <div
              className="select__single-value css-1uccc91-singleValue"
            >
              RELEASE DATE
            </div>
            <div
              className="css-b8ldur-Input"
            >
              <div
                className="select__input"
                style={
                  Object {
                    "display": "inline-block",
                  }
                }
              >
                <input
                  aria-autocomplete="list"
                  autoCapitalize="none"
                  autoComplete="off"
                  autoCorrect="off"
                  disabled={false}
                  id="react-select-resultSort-input"
                  onBlur={[Function]}
                  onChange={[Function]}
                  onFocus={[Function]}
                  spellCheck="false"
                  style={
                    Object {
                      "background": 0,
                      "border": 0,
                      "boxSizing": "content-box",
                      "color": "inherit",
                      "fontSize": "inherit",
                      "label": "input",
                      "opacity": 1,
                      "outline": 0,
                      "padding": 0,
                      "width": "1px",
                    }
                  }
                  tabIndex="0"
                  type="text"
                  value=""
                />
                <div
                  style={
                    Object {
                      "height": 0,
                      "left": 0,
                      "overflow": "scroll",
                      "position": "absolute",
                      "top": 0,
                      "visibility": "hidden",
                      "whiteSpace": "pre",
                    }
                  }
                >
                  
                </div>
              </div>
            </div>
          </div>
          <div
            className="select__indicators css-1hb7zxy-IndicatorsContainer"
          >
            <span
              className="select__indicator-separator css-1okebmr-indicatorSeparator"
            />
            <div
              aria-hidden="true"
              className="select__indicator select__dropdown-indicator css-tlfecz-indicatorContainer"
              onMouseDown={[Function]}
              onTouchEnd={[Function]}
            >
              <i
                aria-hidden="true"
                className="fa fa-caret-down"
              />
            </div>
          </div>
        </div>
      </div>
      <button
        className="arrow"
        disabled={false}
        id={null}
        onClick={[Function]}
        type="button"
      >
        
        <i
          aria-hidden="true"
          className="fa fa-sort-amount-desc"
        />
      </button>
    </div>
  </div>
  <div
    className="resultCountContainer"
  >
    <span
      className="resultCount"
    >
      6
       
    </span>
    <span>
      movies found
    </span>
  </div>
  <div
    className="moviesListContainer"
  >
    <div
      className="movieCardContainer"
      onMouseLeave={[Function]}
    >
      <button
        className="posterButton"
        disabled={false}
        id={null}
        onClick={[Function]}
        type="button"
      >
        
        <img
          alt="movie card poster"
          className="movieCardPoster"
          onError={[Function]}
          src="http://localhost:3000/img/01-pulp-fiction.jpg"
        />
      </button>
      <button
        className="threeDotsIcon"
        disabled={false}
        id={null}
        onClick={[Function]}
        type="button"
      >
        
        <img
          alt="movie card menu"
          src="/img/moreButton.svg"
        />
      </button>
      <div
        className="movieTitleReleaseDateContainer"
      >
        <div
          className="movieTitle"
        >
          Pulp Fiction
        </div>
        <div
          className="movieReleaseDate"
          title="Release date: 2004-03-15"
        >
          2004
        </div>
      </div>
      <div
        className="movieGenres"
      >
        Action & Adventure
      </div>
    </div>
    <div
      className="movieCardContainer"
      onMouseLeave={[Function]}
    >
      <button
        className="posterButton"
        disabled={false}
        id={null}
        onClick={[Function]}
        type="button"
      >
        
        <img
          alt="movie card poster"
          className="movieCardPoster"
          onError={[Function]}
          src="http://localhost:3000/img/02-bohemian-rhapsody.jpg"
        />
      </button>
      <button
        className="threeDotsIcon"
        disabled={false}
        id={null}
        onClick={[Function]}
        type="button"
      >
        
        <img
          alt="movie card menu"
          src="/img/moreButton.svg"
        />
      </button>
      <div
        className="movieTitleReleaseDateContainer"
      >
        <div
          className="movieTitle"
        >
          Bohemian Rhapsody
        </div>
        <div
          className="movieReleaseDate"
          title="Release date: 2003-05-23"
        >
          2003
        </div>
      </div>
      <div
        className="movieGenres"
      >
        Drama, Biography, Music
      </div>
    </div>
    <div
      className="movieCardContainer"
      onMouseLeave={[Function]}
    >
      <button
        className="posterButton"
        disabled={false}
        id={null}
        onClick={[Function]}
        type="button"
      >
        
        <img
          alt="movie card poster"
          className="movieCardPoster"
          onError={[Function]}
          src="http://localhost:3000/img/03-kill-bill.jpg"
        />
      </button>
      <button
        className="threeDotsIcon"
        disabled={false}
        id={null}
        onClick={[Function]}
        type="button"
      >
        
        <img
          alt="movie card menu"
          src="/img/moreButton.svg"
        />
      </button>
      <div
        className="movieTitleReleaseDateContainer"
      >
        <div
          className="movieTitle"
        >
          Kill Bill: Vol 2
        </div>
        <div
          className="movieReleaseDate"
          title="Release date: 1994-01-08"
        >
          1994
        </div>
      </div>
      <div
        className="movieGenres"
      >
        Oscar winning Movie
      </div>
    </div>
    <div
      className="movieCardContainer"
      onMouseLeave={[Function]}
    >
      <button
        className="posterButton"
        disabled={false}
        id={null}
        onClick={[Function]}
        type="button"
      >
        
        <img
          alt="movie card poster"
          className="movieCardPoster"
          onError={[Function]}
          src="http://localhost:3000/img/04-avengers-infinity-war.jpg"
        />
      </button>
      <button
        className="threeDotsIcon"
        disabled={false}
        id={null}
        onClick={[Function]}
        type="button"
      >
        
        <img
          alt="movie card menu"
          src="/img/moreButton.svg"
        />
      </button>
      <div
        className="movieTitleReleaseDateContainer"
      >
        <div
          className="movieTitle"
        >
          Avengers: War of Infinity
        </div>
        <div
          className="movieReleaseDate"
          title="Release date: 2004-07-21"
        >
          2004
        </div>
      </div>
      <div
        className="movieGenres"
      >
        Action & Adventure
      </div>
    </div>
    <div
      className="movieCardContainer"
      onMouseLeave={[Function]}
    >
      <button
        className="posterButton"
        disabled={false}
        id={null}
        onClick={[Function]}
        type="button"
      >
        
        <img
          alt="movie card poster"
          className="movieCardPoster"
          onError={[Function]}
          src="http://localhost:3000/img/05-inception.jpg"
        />
      </button>
      <button
        className="threeDotsIcon"
        disabled={false}
        id={null}
        onClick={[Function]}
        type="button"
      >
        
        <img
          alt="movie card menu"
          src="/img/moreButton.svg"
        />
      </button>
      <div
        className="movieTitleReleaseDateContainer"
      >
        <div
          className="movieTitle"
        >
          Inception
        </div>
        <div
          className="movieReleaseDate"
          title="Release date: 2003-05-02"
        >
          2003
        </div>
      </div>
      <div
        className="movieGenres"
      >
        Action & Adventure
      </div>
    </div>
    <div
      className="movieCardContainer"
      onMouseLeave={[Function]}
    >
      <button
        className="posterButton"
        disabled={false}
        id={null}
        onClick={[Function]}
        type="button"
      >
        
        <img
          alt="movie card poster"
          className="movieCardPoster"
          onError={[Function]}
          src="http://localhost:3000/img/06-reservoir-dogs.jpg"
        />
      </button>
      <button
        className="threeDotsIcon"
        disabled={false}
        id={null}
        onClick={[Function]}
        type="button"
      >
        
        <img
          alt="movie card menu"
          src="/img/moreButton.svg"
        />
      </button>
      <div
        className="movieTitleReleaseDateContainer"
      >
        <div
          className="movieTitle"
        >
          Reservoir dogs
        </div>
        <div
          className="movieReleaseDate"
          title="Release date: 1994-11-30"
        >
          1994
        </div>
      </div>
      <div
        className="movieGenres"
      >
        Oscar winning Movie
      </div>
    </div>
  </div>
</main>
`;
