// Jest Snapshot v1, https://goo.gl/fbAQLP

exports[`ErrorBoundary renders correctly 1`] = `
<div
  className="oopsTextContainer"
>
  <div
    className="oopsTextErrorMessage"
  >
    Error message
  </div>
  <div>
    Oops, something went wrong...
  </div>
  <div>
    We are doing our best to fix the issue
  </div>
</div>
`;
