// Jest Snapshot v1, https://goo.gl/fbAQLP

exports[`Logo renders correctly 1`] = `
<div
  className="logoContainer"
>
  <span
    className="netflix"
  >
    netflix
  </span>
  <span
    className="roulette"
  >
    roulette
  </span>
</div>
`;
